2025-10-15 10:17:14 [DEBUG] asyncio: Using selector: EpollSelector
